// Jest Snapshot v1, https://goo.gl/fbAQLP

exports[`初期状態 render 1`] = `
<DocumentFragment>
  Filter:
  <select>
    <option
      value="Show All"
    >
      All
    </option>
    <option
      value="Show Completed"
    >
      Completed
    </option>
    <option
      value="Show Uncompleted"
    >
      Uncompleted
    </option>
  </select>
</DocumentFragment>
`;
